hostname:
cn012
uptime info:
 14:20:20 up 66 days,  1:11,  0 users,  load average: 9.64, 8.03, 5.38
memory info:
MemTotal:       263183136 kB
MemFree:        112807036 kB
MemAvailable:   167667420 kB
Buffers:          162196 kB
Cached:         56403736 kB
SwapCached:       188656 kB
Active:          9713364 kB
Inactive:       128500048 kB
Active(anon):     839904 kB
Inactive(anon): 80856532 kB
Active(file):    8873460 kB
Inactive(file): 47643516 kB
Unevictable:     8391696 kB
Mlocked:         8388624 kB
SwapTotal:       4194300 kB
SwapFree:         838516 kB
Zswap:                 0 kB
Zswapped:              0 kB
Dirty:               248 kB
Writeback:             0 kB
AnonPages:      89708588 kB
Mapped:           665908 kB
Shmem:             48948 kB
KReclaimable:     681240 kB
Slab:            1368948 kB
SReclaimable:     681240 kB
SUnreclaim:       687708 kB
KernelStack:       20768 kB
PageTables:       192964 kB
NFS_Unstable:          0 kB
Bounce:                0 kB
WritebackTmp:          0 kB
CommitLimit:    135785868 kB
Committed_AS:   99774800 kB
VmallocTotal:   34359738367 kB
VmallocUsed:      535352 kB
VmallocChunk:          0 kB
Percpu:           471552 kB
HardwareCorrupted:     0 kB
AnonHugePages:  59080704 kB
ShmemHugePages:        0 kB
ShmemPmdMapped:        0 kB
FileHugePages:         0 kB
FilePmdMapped:         0 kB
CmaTotal:              0 kB
CmaFree:               0 kB
HugePages_Total:       0
HugePages_Free:        0
HugePages_Rsvd:        0
HugePages_Surp:        0
Hugepagesize:       2048 kB
Hugetlb:               0 kB
DirectMap4k:      480804 kB
DirectMap2M:    27428864 kB
DirectMap1G:    240123904 kB
amount of entries in /etc:
267
amount of entries in /usr/bin:
1640
slurmstepd: error: *** JOB 242117 ON cn012 CANCELLED AT 2024-01-11T14:22:21 ***
